../Core/Src/main.c:82:5:main	8	static
../Core/Src/main.c:154:6:SystemClock_Config	88	static
../Core/Src/main.c:201:13:MX_TIM1_Init	96	static
../Core/Src/main.c:276:13:MX_TIM2_Init	48	static
../Core/Src/main.c:334:13:MX_USART2_UART_Init	8	static
../Core/Src/main.c:365:13:MX_DMA_Init	16	static
../Core/Src/main.c:383:13:MX_GPIO_Init	48	static
../Core/Src/main.c:412:7:IC_Calc_Period	32	static
../Core/Src/main.c:434:6:VelocityRPM	8	static
../Core/Src/main.c:440:6:ControlRPM	24	static
../Core/Src/main.c:452:6:Error_Handler	4	static,ignoring_inline_asm
