../Core/Src/main.c:96:5:main	8	static
../Core/Src/main.c:169:6:SystemClock_Config	88	static
../Core/Src/main.c:216:13:MX_TIM1_Init	96	static
../Core/Src/main.c:291:13:MX_TIM2_Init	48	static
../Core/Src/main.c:349:13:MX_USART2_UART_Init	8	static
../Core/Src/main.c:380:13:MX_DMA_Init	16	static
../Core/Src/main.c:398:13:MX_GPIO_Init	48	static
../Core/Src/main.c:427:7:IC_Calc_Period	32	static
../Core/Src/main.c:449:6:VelocityRPM	8	static
../Core/Src/main.c:455:6:ControlRPM	24	static
../Core/Src/main.c:468:6:Error_Handler	4	static,ignoring_inline_asm
